
> nextjs_tailwind_shadcn_ts@0.2.0 build
> next build && shx cp -r .next/static .next/standalone/.next/ && shx cp -r public .next/standalone/

▲ Next.js 16.2.9 (Turbopack)
- Environments: .env.local, .env.production, .env

  Creating an optimized production build ...
npm : 
Au caractère Ligne:1 : 1
+ npm run build 2>&1 | tee build-output.txt
+ ~~~~~~~~~~~~~~~~~~
    + CategoryInfo          : NotSpecified: (:String) [], RemoteException
    + FullyQualifiedErrorId : NativeCommandError
 
> Build error occurred
Error: Turbopack build failed with 2 errors:
./src/components/layout/properties-panel.tsx:786:2
Expected '}', got '<eof>'
  [90m784 |[0m     </[33mTooltipProvider[0m>
  [90m785 |[0m   );
[31m[1m>[0m [90m786 |[0m }
  [90m    |[0m  [31m[1m^[0m

Parsing ecmascript source code failed

Import traces:
  Client Component Browser:
    ./src/components/layout/properties-panel.tsx [Client Component Browser]
    ./src/components/layout/app-layout.tsx [Client Component Browser]
    ./src/app/page.tsx [Client Component Browser]
    ./src/app/page.tsx [Server Component]

  Client Component SSR:
    ./src/components/layout/properties-panel.tsx [Client Component SSR]
    ./src/components/layout/app-layout.tsx [Client Component SSR]
    ./src/app/page.tsx [Client Component SSR]
    ./src/app/page.tsx [Server Component]


./src/components/layout/properties-panel.tsx:455:4
Expected a semicolon
  [90m453 |[0m       description: [32m"La génération a été supprimée de 
l'historique."[0m,
  [90m454 |[0m     });
[31m[1m>[0m [90m455 |[0m   };
  [90m    |[0m    [31m[1m^[0m
  [90m456 |[0m
  [90m457 |[0m   [36mconst[0m handleClearAllHistory = [36masync[0m () => {
  [90m458 |[0m     [36mtry[0m {

Parsing ecmascript source code failed

Import traces:
  Client Component Browser:
    ./src/components/layout/properties-panel.tsx [Client Component Browser]
    ./src/components/layout/app-layout.tsx [Client Component Browser]
    ./src/app/page.tsx [Client Component Browser]
    ./src/app/page.tsx [Server Component]

  Client Component SSR:
    ./src/components/layout/properties-panel.tsx [Client Component SSR]
    ./src/components/layout/app-layout.tsx [Client Component SSR]
    ./src/app/page.tsx [Client Component SSR]
    ./src/app/page.tsx [Server Component]


    at <unknown> (./src/components/layout/properties-panel.tsx:786:2)
    at <unknown> (./src/components/layout/properties-panel.tsx:455:4)
